---- run started 26-Sep-26 12:44:02.36 ---- 
Loaded 4910 chunks from C:\Users\NAKUL KRISHNA R\fintech-risk-intelligence\data\cleaned\chunks.csv
Resuming: 448 chunks already extracted
[548/4910] processed=100 parse_errors=0 avg=5.4s/chunk eta=394min
[648/4910] processed=200 parse_errors=2 avg=5.3s/chunk eta=379min
[748/4910] processed=300 parse_errors=2 avg=5.3s/chunk eta=365min
[848/4910] processed=400 parse_errors=10 avg=5.4s/chunk eta=363min
[948/4910] processed=500 parse_errors=13 avg=5.4s/chunk eta=356min
[1048/4910] processed=600 parse_errors=13 avg=5.4s/chunk eta=346min
[1148/4910] processed=700 parse_errors=14 avg=5.4s/chunk eta=338min
[1248/4910] processed=800 parse_errors=14 avg=5.4s/chunk eta=331min
[1348/4910] processed=900 parse_errors=14 avg=5.4s/chunk eta=319min
[1448/4910] processed=1000 parse_errors=15 avg=5.4s/chunk eta=309min
[1548/4910] processed=1100 parse_errors=16 avg=5.3s/chunk eta=299min
[1648/4910] processed=1200 parse_errors=17 avg=5.3s/chunk eta=291min
[1748/4910] processed=1300 parse_errors=18 avg=5.3s/chunk eta=282min
[1848/4910] processed=1400 parse_errors=29 avg=5.3s/chunk eta=273min
[1948/4910] processed=1500 parse_errors=33 avg=5.3s/chunk eta=264min
[2048/4910] processed=1600 parse_errors=35 avg=5.3s/chunk eta=255min
[2148/4910] processed=1700 parse_errors=36 avg=5.3s/chunk eta=245min
[2248/4910] processed=1800 parse_errors=37 avg=5.3s/chunk eta=236min
[2348/4910] processed=1900 parse_errors=38 avg=5.3s/chunk eta=228min
[2448/4910] processed=2000 parse_errors=39 avg=5.3s/chunk eta=218min
[2548/4910] processed=2100 parse_errors=39 avg=5.3s/chunk eta=209min
[2648/4910] processed=2200 parse_errors=39 avg=5.3s/chunk eta=200min
[2748/4910] processed=2300 parse_errors=40 avg=5.3s/chunk eta=191min
[2848/4910] processed=2400 parse_errors=41 avg=5.3s/chunk eta=182min
[2948/4910] processed=2500 parse_errors=43 avg=5.3s/chunk eta=173min
[3048/4910] processed=2600 parse_errors=45 avg=5.3s/chunk eta=164min
[3148/4910] processed=2700 parse_errors=46 avg=5.3s/chunk eta=155min
[3248/4910] processed=2800 parse_errors=47 avg=5.3s/chunk eta=146min
[3348/4910] processed=2900 parse_errors=47 avg=5.3s/chunk eta=137min
[3448/4910] processed=3000 parse_errors=48 avg=5.3s/chunk eta=129min
[3548/4910] processed=3100 parse_errors=49 avg=5.3s/chunk eta=120min
[3648/4910] processed=3200 parse_errors=49 avg=5.3s/chunk eta=111min
[3748/4910] processed=3300 parse_errors=51 avg=5.3s/chunk eta=103min
[3848/4910] processed=3400 parse_errors=52 avg=5.3s/chunk eta=94min
[3948/4910] processed=3500 parse_errors=55 avg=5.3s/chunk eta=85min
[4048/4910] processed=3600 parse_errors=59 avg=5.3s/chunk eta=76min
[4148/4910] processed=3700 parse_errors=60 avg=5.3s/chunk eta=67min
[4248/4910] processed=3800 parse_errors=62 avg=5.3s/chunk eta=59min
[4348/4910] processed=3900 parse_errors=62 avg=5.3s/chunk eta=50min
[4448/4910] processed=4000 parse_errors=62 avg=5.3s/chunk eta=41min
[4548/4910] processed=4100 parse_errors=63 avg=5.3s/chunk eta=32min
[4648/4910] processed=4200 parse_errors=63 avg=5.3s/chunk eta=23min
[4748/4910] processed=4300 parse_errors=67 avg=5.3s/chunk eta=14min
[4848/4910] processed=4400 parse_errors=68 avg=5.3s/chunk eta=5min
[4910/4910] processed=4462 parse_errors=68 avg=5.3s/chunk eta=0min

Done: 4462 chunks extracted -> C:\Users\NAKUL KRISHNA R\fintech-risk-intelligence\data\cleaned\extractions.csv
  68 chunk(s) had malformed/unexpected model output (defaults were recorded; see the parse_error column)
---- run finished 26-Sep-26 19:18:03.34 (exit code 0) ---- 
